This is pdfTeX, Version 3.141592653-2.6-1.40.27 (MiKTeX 25.4) (preloaded format=pdflatex 2025.12.6)  12 MAY 2026 16:13
entering extended mode
 \write18 enabled.
 %&-line parsing enabled.
**e:/Didattica/MQF/Github/CORSO-MQF/00_MasterPlan/MQF_Master_Plan.tex
(e:/Didattica/MQF/Github/CORSO-MQF/00_MasterPlan/MQF_Master_Plan.tex
LaTeX2e <2025-11-01>
L3 programming layer <2025-11-06>
(C:\Users\PaUser\AppData\Local\Programs\MiKTeX\tex/latex/base\article.cls
Document Class: article 2025/01/22 v1.4n Standard LaTeX document class
(C:\Users\PaUser\AppData\Local\Programs\MiKTeX\tex/latex/base\size12.clo
File: size12.clo 2025/01/22 v1.4n Standard LaTeX file (size option)
)
\c@part=\count275
\c@section=\count276
\c@subsection=\count277
\c@subsubsection=\count278
\c@paragraph=\count279
\c@subparagraph=\count280
\c@figure=\count281
\c@table=\count282
\abovecaptionskip=\skip49
\belowcaptionskip=\skip50
\bibindent=\dimen148
) (C:\Users\PaUser\AppData\Local\Programs\MiKTeX\tex/latex/amsmath\amsmath.sty
Package: amsmath 2025/07/09 v2.17z AMS math features
\@mathmargin=\skip51

For additional information on amsmath, use the `?' option.
(C:\Users\PaUser\AppData\Local\Programs\MiKTeX\tex/latex/amsmath\amstext.sty
Package: amstext 2024/11/17 v2.01 AMS text
 (C:\Users\PaUser\AppData\Local\Programs\MiKTeX\tex/latex/amsmath\amsgen.sty
File: amsgen.sty 1999/11/30 v2.0 generic functions
\@emptytoks=\toks17
\ex@=\dimen149
)) (C:\Users\PaUser\AppData\Local\Programs\MiKTeX\tex/latex/amsmath\amsbsy.sty
Package: amsbsy 1999/11/29 v1.2d Bold Symbols
\pmbraise@=\dimen150
) (C:\Users\PaUser\AppData\Local\Programs\MiKTeX\tex/latex/amsmath\amsopn.sty
Package: amsopn 2022/04/08 v2.04 operator names
)
\inf@bad=\count283
LaTeX Info: Redefining \frac on input line 233.
\uproot@=\count284
\leftroot@=\count285
LaTeX Info: Redefining \overline on input line 398.
LaTeX Info: Redefining \colon on input line 409.
\classnum@=\count286
\DOTSCASE@=\count287
LaTeX Info: Redefining \ldots on input line 495.
LaTeX Info: Redefining \dots on input line 498.
LaTeX Info: Redefining \cdots on input line 619.
\Mathstrutbox@=\box53
\strutbox@=\box54
LaTeX Info: Redefining \big on input line 721.
LaTeX Info: Redefining \Big on input line 722.
LaTeX Info: Redefining \bigg on input line 723.
LaTeX Info: Redefining \Bigg on input line 724.
\big@size=\dimen151
LaTeX Font Info:    Redeclaring font encoding OML on input line 742.
LaTeX Font Info:    Redeclaring font encoding OMS on input line 743.
\macc@depth=\count288
LaTeX Info: Redefining \bmod on input line 904.
LaTeX Info: Redefining \pmod on input line 909.
LaTeX Info: Redefining \smash on input line 939.
LaTeX Info: Redefining \relbar on input line 969.
LaTeX Info: Redefining \Relbar on input line 970.
\c@MaxMatrixCols=\count289
\dotsspace@=\muskip17
\c@parentequation=\count290
\dspbrk@lvl=\count291
\tag@help=\toks18
\row@=\count292
\column@=\count293
\maxfields@=\count294
\andhelp@=\toks19
\eqnshift@=\dimen152
\alignsep@=\dimen153
\tagshift@=\dimen154
\tagwidth@=\dimen155
\totwidth@=\dimen156
\lineht@=\dimen157
\@envbody=\toks20
\multlinegap=\skip52
\multlinetaggap=\skip53
\mathdisplay@stack=\toks21
LaTeX Info: Redefining \[ on input line 2950.
LaTeX Info: Redefining \] on input line 2951.
) (C:\Users\PaUser\AppData\Local\Programs\MiKTeX\tex/latex/amsfonts\amssymb.sty
Package: amssymb 2013/01/14 v3.01 AMS font symbols
 (C:\Users\PaUser\AppData\Local\Programs\MiKTeX\tex/latex/amsfonts\amsfonts.sty
Package: amsfonts 2013/01/14 v3.01 Basic AMSFonts support
\symAMSa=\mathgroup4
\symAMSb=\mathgroup5
LaTeX Font Info:    Redeclaring math symbol \hbar on input line 98.
LaTeX Font Info:    Overwriting math alphabet `\mathfrak' in version `bold'
(Font)                  U/euf/m/n --> U/euf/b/n on input line 106.
)) (C:\Users\PaUser\AppData\Local\Programs\MiKTeX\tex/latex/tools\array.sty
Package: array 2025/09/25 v2.6n Tabular extension package (FMi)
\col@sep=\dimen158
\ar@mcellbox=\box55
\extrarowheight=\dimen159
\NC@list=\toks22
\extratabsurround=\skip54
\backup@length=\skip55
\ar@cellbox=\box56
) (C:\Users\PaUser\AppData\Local\Programs\MiKTeX\tex/latex/tools\longtable.sty
Package: longtable 2025-10-13 v4.24 Multi-page Table package (DPC)
\LTleft=\skip56
\LTright=\skip57
\LTpre=\skip58
\LTpost=\skip59
\LTchunksize=\count295
\LTcapwidth=\dimen160
\LT@head=\box57
\LT@firsthead=\box58
\LT@foot=\box59
\LT@lastfoot=\box60
\LT@gbox=\box61
\LT@cols=\count296
\LT@rows=\count297
\c@LT@tables=\count298
\c@LT@chunks=\count299
\LT@p@ftn=\toks23
) (C:\Users\PaUser\AppData\Local\Programs\MiKTeX\tex/latex/minted\minted.sty
Package: minted 2026/03/03 v3.8.0 Yet another Pygments shim for LaTeX
 (C:\Users\PaUser\AppData\Local\Programs\MiKTeX\tex/generic/catchfile\catchfile.sty
Package: catchfile 2019/12/09 v1.8 Catch the contents of a file (HO)
 (C:\Users\PaUser\AppData\Local\Programs\MiKTeX\tex/generic/infwarerr\infwarerr.sty
Package: infwarerr 2019/12/03 v1.5 Providing info/warning/error messages (HO)
) (C:\Users\PaUser\AppData\Local\Programs\MiKTeX\tex/generic/ltxcmds\ltxcmds.sty
Package: ltxcmds 2023-12-04 v1.26 LaTeX kernel commands for general use (HO)
) (C:\Users\PaUser\AppData\Local\Programs\MiKTeX\tex/generic/etexcmds\etexcmds.sty
Package: etexcmds 2019/12/15 v1.7 Avoid name clashes with e-TeX commands (HO)
 (C:\Users\PaUser\AppData\Local\Programs\MiKTeX\tex/generic/iftex\iftex.sty
Package: iftex 2024/12/12 v1.0g TeX engine tests
))) (C:\Users\PaUser\AppData\Local\Programs\MiKTeX\tex/latex/etoolbox\etoolbox.sty
Package: etoolbox 2025/10/02 v2.5m e-TeX tools for LaTeX (JAW)
\etb@tempcnta=\count300
) (C:\Users\PaUser\AppData\Local\Programs\MiKTeX\tex/latex/fvextra\fvextra.sty
Package: fvextra 2026/02/25 v1.14.0 fvextra - extensions and patches for fancyvrb
 (C:\Users\PaUser\AppData\Local\Programs\MiKTeX\tex/latex/fancyvrb\fancyvrb.sty
Package: fancyvrb 2026/04/16 4.6a verbatim text (tvz,hv)
 (C:\Users\PaUser\AppData\Local\Programs\MiKTeX\tex/latex/graphics\keyval.sty
Package: keyval 2022/05/29 v1.15 key=value parser (DPC)
\KV@toks@=\toks24
)
\FV@CodeLineNo=\count301
\FV@InFile=\read2
\FV@TabBox=\box62
\c@FancyVerbLine=\count302
\FV@StepNumber=\count303
\FV@OutFile=\write3
) (C:\Users\PaUser\AppData\Local\Programs\MiKTeX\tex/latex/upquote\upquote.sty
Package: upquote 2012/04/19 v1.3 upright-quote and grave-accent glyphs in verbatim
) (C:\Users\PaUser\AppData\Local\Programs\MiKTeX\tex/latex/lineno\lineno.sty
Package: lineno 2026/03/08 line numbers on paragraphs v5.9
 (C:\Users\PaUser\AppData\Local\Programs\MiKTeX\tex/latex/kvoptions\kvoptions.sty
Package: kvoptions 2022-06-15 v3.15 Key value format for package options (HO)
 (C:\Users\PaUser\AppData\Local\Programs\MiKTeX\tex/latex/kvsetkeys\kvsetkeys.sty
Package: kvsetkeys 2022-10-05 v1.19 Key value parser (HO)
))
\linenopenalty=\count304
\output=\toks25
\linenoprevgraf=\count305
\linenumbersep=\dimen161
\linenumberwidth=\dimen162
\c@linenumber=\count306
\c@pagewiselinenumber=\count307
\c@LN@truepage=\count308
\c@internallinenumber=\count309
\c@internallinenumbers=\count310
\quotelinenumbersep=\dimen163
\bframerule=\dimen164
\bframesep=\dimen165
\bframebox=\box63
\@LN@amsmath@ams@eqpen=\count311
)
\c@FancyVerbWriteLine=\count312
\c@FancyVerbBufferLine=\count313
\c@FV@TrueTabGroupLevel=\count314
\c@FV@TrueTabCounter=\count315
\FV@TabBox@Group=\box64
\FV@bgcolorstructbox=\box65
\FV@TmpLength=\skip60
\c@FV@HighlightLinesStart=\count316
\c@FV@HighlightLinesStop=\count317
\FV@LoopCount=\count318
\FV@NCharsBox=\box66
\FV@BreakIndent=\dimen166
\FV@BreakIndentNChars=\count319
\FV@BreakSymbolSepLeft=\dimen167
\FV@BreakSymbolSepLeftNChars=\count320
\FV@BreakSymbolSepRight=\dimen168
\FV@BreakSymbolSepRightNChars=\count321
\FV@BreakSymbolIndentLeft=\dimen169
\FV@BreakSymbolIndentLeftNChars=\count322
\FV@BreakSymbolIndentRight=\dimen170
\FV@BreakSymbolIndentRightNChars=\count323
\c@FancyVerbLineBreakLast=\count324
\FV@LineBox=\box67
\FV@LineIndentBox=\box68
\c@FV@BreakBufferDepth=\count325
\FV@LineWidth=\dimen171
) (C:\Users\PaUser\AppData\Local\Programs\MiKTeX\tex/latex/latex2pydata\latex2pydata.sty
Package: latex2pydata 2026/02/25 v0.7.0 latex2pydata - write data to file in Python literal format
) (C:\Users\PaUser\AppData\Local\Programs\MiKTeX\tex/latex/pgf/utilities\pgfkeys.sty (C:\Users\PaUser\AppData\Local\Programs\MiKTeX\tex/generic/pgf/utilities\pgfkeys.code.tex
\pgfkeys@pathtoks=\toks26
\pgfkeys@temptoks=\toks27
 (C:\Users\PaUser\AppData\Local\Programs\MiKTeX\tex/generic/pgf/utilities\pgfkeyslibraryfiltered.code.tex
\pgfkeys@tmptoks=\toks28
))) (C:\Users\PaUser\AppData\Local\Programs\MiKTeX\tex/latex/pgfopts\pgfopts.sty
Package: pgfopts 2014/07/10 v2.1a LaTeX package options with pgfkeys
\pgfopts@list@add@a@toks=\toks29
\pgfopts@list@add@b@toks=\toks30
) (C:\Users\PaUser\AppData\Local\Programs\MiKTeX\tex/latex/tools\shellesc.sty
Package: shellesc 2023/07/08 v1.0d unified shell escape interface for LaTeX
Package shellesc Info: Unrestricted shell escape enabled on input line 75.
) (C:\Users\PaUser\AppData\Local\Programs\MiKTeX\tex/latex/float\float.sty
Package: float 2001/11/08 v1.3d Float enhancements (AL)
\c@float@type=\count326
\float@exts=\toks31
\float@box=\box69
\@float@everytoks=\toks32
\@floatcapt=\box70
)
\c@minted@FancyVerbLineTemp=\count327
\@float@every@listing=\toks33
\c@listing=\count328
) (C:\Users\PaUser\AppData\Local\Programs\MiKTeX\tex/latex/graphics\graphicx.sty
Package: graphicx 2024/12/31 v1.2e Enhanced LaTeX Graphics (DPC,SPQR)
 (C:\Users\PaUser\AppData\Local\Programs\MiKTeX\tex/latex/graphics\graphics.sty
Package: graphics 2024/08/06 v1.4g Standard LaTeX Graphics (DPC,SPQR)
 (C:\Users\PaUser\AppData\Local\Programs\MiKTeX\tex/latex/graphics\trig.sty
Package: trig 2023/12/02 v1.11 sin cos tan (DPC)
) (C:\Users\PaUser\AppData\Local\Programs\MiKTeX\tex/latex/graphics-cfg\graphics.cfg
File: graphics.cfg 2016/06/04 v1.11 sample graphics configuration
)
Package graphics Info: Driver file: pdftex.def on input line 106.
 (C:\Users\PaUser\AppData\Local\Programs\MiKTeX\tex/latex/graphics-def\pdftex.def
File: pdftex.def 2025/09/29 v1.2d Graphics/color driver for pdftex
))
\Gin@req@height=\dimen172
\Gin@req@width=\dimen173
) (C:\Users\PaUser\AppData\Local\Programs\MiKTeX\tex/latex/xcolor\xcolor.sty
Package: xcolor 2024/09/29 v3.02 LaTeX color extensions (UK)
 (C:\Users\PaUser\AppData\Local\Programs\MiKTeX\tex/latex/graphics-cfg\color.cfg
File: color.cfg 2016/01/02 v1.6 sample color configuration
)
Package xcolor Info: Driver file: pdftex.def on input line 274.
 (C:\Users\PaUser\AppData\Local\Programs\MiKTeX\tex/latex/graphics\mathcolor.ltx)
Package xcolor Info: Model `cmy' substituted by `cmy0' on input line 1349.
Package xcolor Info: Model `hsb' substituted by `rgb' on input line 1353.
Package xcolor Info: Model `RGB' extended on input line 1365.
Package xcolor Info: Model `HTML' substituted by `rgb' on input line 1367.
Package xcolor Info: Model `Hsb' substituted by `hsb' on input line 1368.
Package xcolor Info: Model `tHsb' substituted by `hsb' on input line 1369.
Package xcolor Info: Model `HSB' substituted by `hsb' on input line 1370.
Package xcolor Info: Model `Gray' substituted by `gray' on input line 1371.
Package xcolor Info: Model `wave' substituted by `hsb' on input line 1372.
) (C:\Users\PaUser\AppData\Local\Programs\MiKTeX\tex/latex/l3backend\l3backend-pdftex.def
File: l3backend-pdftex.def 2025-10-09 L3 backend support: PDF output (pdfTeX)
\l__color_backend_stack_int=\count329
) (MQF_Master_Plan.aux)
\openout1 = `MQF_Master_Plan.aux'.

LaTeX Font Info:    Checking defaults for OML/cmm/m/it on input line 44.
LaTeX Font Info:    ... okay on input line 44.
LaTeX Font Info:    Checking defaults for OMS/cmsy/m/n on input line 44.
LaTeX Font Info:    ... okay on input line 44.
LaTeX Font Info:    Checking defaults for OT1/cmr/m/n on input line 44.
LaTeX Font Info:    ... okay on input line 44.
LaTeX Font Info:    Checking defaults for T1/cmr/m/n on input line 44.
LaTeX Font Info:    ... okay on input line 44.
LaTeX Font Info:    Checking defaults for TS1/cmr/m/n on input line 44.
LaTeX Font Info:    ... okay on input line 44.
LaTeX Font Info:    Checking defaults for OMX/cmex/m/n on input line 44.
LaTeX Font Info:    ... okay on input line 44.
LaTeX Font Info:    Checking defaults for U/cmr/m/n on input line 44.
LaTeX Font Info:    ... okay on input line 44.
 (C:\Users\PaUser\AppData\Local\Programs\MiKTeX\tex/context/base/mkii\supp-pdf.mkii
[Loading MPS to PDF converter (version 2006.09.02).]
\scratchcounter=\count330
\scratchdimen=\dimen174
\scratchbox=\box71
\nofMPsegments=\count331
\nofMParguments=\count332
\everyMPshowfont=\toks34
\MPscratchCnt=\count333
\MPscratchDim=\dimen175
\MPnumerator=\count334
\makeMPintoPDFobject=\count335
\everyMPtoPDFconversion=\toks35
) (C:\Users\PaUser\AppData\Local\Programs\MiKTeX\tex/latex/epstopdf-pkg\epstopdf-base.sty
Package: epstopdf-base 2020-01-24 v2.11 Base part for package epstopdf
Package epstopdf-base Info: Redefining graphics rule for `.eps' on input line 485.
 (C:\Users\PaUser\AppData\Local\Programs\MiKTeX\tex/latex/00miktex\epstopdf-sys.cfg
File: epstopdf-sys.cfg 2021/03/18 v2.0 Configuration of epstopdf for MiKTeX
)) (MQF_Master_Plan.toc
LaTeX Font Info:    Trying to load font information for U+msa on input line 3.
 (C:\Users\PaUser\AppData\Local\Programs\MiKTeX\tex/latex/amsfonts\umsa.fd
File: umsa.fd 2013/01/14 v3.01 AMS symbols A
)
LaTeX Font Info:    Trying to load font information for U+msb on input line 3.
 (C:\Users\PaUser\AppData\Local\Programs\MiKTeX\tex/latex/amsfonts\umsb.fd
File: umsb.fd 2013/01/14 v3.01 AMS symbols B
) [1

{C:/Users/PaUser/AppData/Local/MiKTeX/fonts/map/pdftex/pdftex.map}])
\tf@toc=\write4
\openout4 = `MQF_Master_Plan.toc'.

 [2]
Overfull \hbox (18.5289pt too wide) in paragraph at lines 63--68
\OT1/cmr/m/n/12 Il corso deve es-sere pro-get-tato come un per-corso co-er-ente su mod-el-liz-zazione dell'incertezza,
 []

[3] [4]
Overfull \hbox (5.00159pt too wide) in paragraph at lines 209--209
 []|\OT1/cmr/bx/n/12 Tipo| 
 []


Underfull \hbox (badness 4060) in paragraph at lines 209--210
[]|\OT1/cmr/bx/n/12 Output prin-ci-
 []


Overfull \hbox (3.09445pt too wide) in alignment at lines 207--211
 [] [] [] [] [] 
 []


Overfull \hbox (5.00159pt too wide) in paragraph at lines 213--213
 []|\OT1/cmr/bx/n/12 Tipo| 
 []


Underfull \hbox (badness 4060) in paragraph at lines 213--214
[]|\OT1/cmr/bx/n/12 Output prin-ci-
 []


Overfull \hbox (3.09445pt too wide) in alignment at lines 211--215
 [] [] [] [] [] 
 []


Underfull \hbox (badness 1286) in paragraph at lines 216--216
[]|\OT1/cmr/m/n/12 Spazio di prob-a-bilit^^Ra,
 []


Underfull \hbox (badness 10000) in paragraph at lines 216--217
[]|\OT1/cmr/m/n/12 Capitolo teorico
 []


Underfull \hbox (badness 1852) in paragraph at lines 217--217
[]|\OT1/cmr/m/n/12 Variabili ca-su-ali, dis-
 []


Underfull \hbox (badness 7832) in paragraph at lines 217--218
[]|\OT1/cmr/m/n/12 Capitolo teorico,
 []


Underfull \hbox (badness 10000) in paragraph at lines 218--218
[]|\OT1/cmr/m/n/12 Valori at-tesi con-
 []


Underfull \hbox (badness 10000) in paragraph at lines 218--219
[]|\OT1/cmr/m/n/12 Capitolo teorico
 []


Underfull \hbox (badness 2103) in paragraph at lines 220--220
[]|\OT1/cmr/m/n/12 Simulazione e cal-colo
 []


Underfull \hbox (badness 10000) in paragraph at lines 221--221
[]|\OT1/cmr/m/n/12 Catene di Markov:
 []


Underfull \hbox (badness 10000) in paragraph at lines 221--222
[]|\OT1/cmr/m/n/12 Capitolo teorico
 []


Underfull \hbox (badness 4739) in paragraph at lines 222--222
[]|\OT1/cmr/m/n/12 Evoluzione delle dis-
 []


Underfull \hbox (badness 7832) in paragraph at lines 222--223
[]|\OT1/cmr/m/n/12 Capitolo teorico,
 []


Underfull \hbox (badness 1668) in paragraph at lines 224--224
[]|\OT1/cmr/m/n/12 Variabili ca-su-ali bi-no-
 []


Underfull \hbox (badness 10000) in paragraph at lines 224--224
[]|\OT1/cmr/m/n/12 Modello bi-no-mi-ale,
 []


Underfull \hbox (badness 10000) in paragraph at lines 224--224
\OT1/cmr/m/n/12 pay-off, prob-a-bilit^^Ra
 []


Underfull \hbox (badness 10000) in paragraph at lines 224--225
[]|\OT1/cmr/m/n/12 Capitolo teorico
 []


Underfull \hbox (badness 10000) in paragraph at lines 226--226
[]|\OT1/cmr/m/n/12 Programmazione lin-
 []


Underfull \hbox (badness 2401) in paragraph at lines 226--226
[]|\OT1/cmr/m/n/12 Formulazione, vin-coli,
 []


Underfull \hbox (badness 7832) in paragraph at lines 226--227
[]|\OT1/cmr/m/n/12 Capitolo teorico,
 []


Underfull \hbox (badness 10000) in paragraph at lines 227--228
[]|\OT1/cmr/m/n/12 Capitolo teorico
 []


Underfull \hbox (badness 10000) in paragraph at lines 228--228
[]|\OT1/cmr/m/n/12 Applicazioni Python
 []


Underfull \hbox (badness 10000) in paragraph at lines 228--228
\OT1/cmr/m/n/12 di pro-gram-mazione
 []


Underfull \hbox (badness 10000) in paragraph at lines 228--228
\OT1/cmr/m/n/12 lin-eare: cal-colo del
 []


Underfull \hbox (badness 10000) in paragraph at lines 229--229
[]|\OT1/cmr/m/n/12 Programmazione lin-
 []


Underfull \hbox (badness 10000) in paragraph at lines 229--229
[]|\OT1/cmr/m/n/12 Decisioni here-and-
 []


Underfull \hbox (badness 10000) in paragraph at lines 229--230
[]|\OT1/cmr/m/n/12 Capitolo teorico
 []


Underfull \hbox (badness 10000) in paragraph at lines 230--230
[]|\OT1/cmr/m/n/12 Programmazione lin-
 []


Underfull \hbox (badness 10000) in paragraph at lines 230--230
[]|\OT1/cmr/m/n/12 Valore
 []


Underfull \hbox (badness 10000) in paragraph at lines 230--230
\OT1/cmr/m/n/12 dell'informazione,
 []


Underfull \hbox (badness 10000) in paragraph at lines 230--230
\OT1/cmr/m/n/12 de-com-po-sizione con-
 []


Underfull \hbox (badness 10000) in paragraph at lines 230--231
[]|\OT1/cmr/m/n/12 Capitolo teorico
 []


Underfull \hbox (badness 10000) in paragraph at lines 231--231
[]|\OT1/cmr/m/n/12 Applicazioni Python
 []


Underfull \hbox (badness 10000) in paragraph at lines 231--231
\OT1/cmr/m/n/12 di pro-gram-mazione
 []


Underfull \hbox (badness 10000) in paragraph at lines 231--231
[]|\OT1/cmr/m/n/12 Implementazione di
 []


Underfull \hbox (badness 10000) in paragraph at lines 231--231
\OT1/cmr/m/n/12 mod-elli sto-cas-tici
 []


Overfull \hbox (3.09445pt too wide) in alignment at lines 215--233
 [] [] [] [] [] 
 []

ignored error: Infinite glue shrinkage found in box being split [5]
Overfull \hbox (7.54668pt too wide) in paragraph at lines 243--252
\OT1/cmr/bx/n/12 Domanda guida: \OT1/cmr/m/n/12 come si rap-p-re-senta for-mal-mente l'incertezza di un pay-off fi-nanziario? 
 []

[6]
Overfull \hbox (5.93915pt too wide) in paragraph at lines 280--287
\OT1/cmr/bx/n/12 Stato di avan-za-mento: \OT1/cmr/m/n/12 bozza pro-get-tuale pre-dis-posta; es-empi nu-merici da se-lezionare. 
 []


Overfull \hbox (11.9836pt too wide) in paragraph at lines 290--297
\OT1/cmr/m/n/12 tizioni e sigma-algebre; in-ter-pre-tarlo come migliore pre-vi-sione data l'informazione disponi-
 []

[7] [8] [9]
Overfull \hbox (4.78093pt too wide) in paragraph at lines 421--430
\OT1/cmr/bx/n/12 Grafici pre-visti: \OT1/cmr/m/n/12 heatmap della ma-trice; prob-a-bilit^^Ra di de-fault nel tempo; dis-tribuzione
 []

[10] [11] [12] [13] [14]
Overfull \hbox (1.85677pt too wide) in alignment at lines 629--633
 [] [] [] 
 []


Overfull \hbox (1.85677pt too wide) in alignment at lines 633--637
 [] [] [] 
 []


Underfull \hbox (badness 1803) in paragraph at lines 639--639
[]|\OT1/cmr/m/n/12 Funzione di massa o
 []


Underfull \hbox (badness 10000) in paragraph at lines 640--640
[]|\OT1/cmr/m/n/12 Funzione di ri-par-
 []


Underfull \hbox (badness 10000) in paragraph at lines 641--641
[]|\OT1/cmr/m/n/12 Valore at-teso con-
 []


Underfull \hbox (badness 10000) in paragraph at lines 641--642
[]|\OT1/cmr/m/n/12 Mostrare il ruolo
 []


Underfull \hbox (badness 10000) in paragraph at lines 642--643
[]|\OT1/cmr/m/n/12 Visualizzare di-nam-ica e in-
 []


Underfull \hbox (badness 10000) in paragraph at lines 646--646
[]|\OT1/cmr/m/n/12 Distribuzione delle
 []


Underfull \hbox (badness 3815) in paragraph at lines 648--648
[]|\OT1/cmr/m/n/12 Programmazione lin-
 []


Underfull \hbox (badness 3417) in paragraph at lines 649--649
[]|\OT1/cmr/m/n/12 Rette di sup-porto e
 []


Underfull \hbox (badness 10000) in paragraph at lines 650--650
[]|\OT1/cmr/m/n/12 Perdita e vari-abili
 []


Underfull \hbox (badness 1270) in paragraph at lines 651--651
[]|\OT1/cmr/m/n/12 Programmazione sto-
 []


Underfull \hbox (badness 10000) in paragraph at lines 651--652
[]|\OT1/cmr/m/n/12 Distinguere de-ci-sioni e in-for-
 []


Underfull \hbox (badness 10000) in paragraph at lines 652--652
[]|\OT1/cmr/m/n/12 Valore
 []


Overfull \hbox (1.85677pt too wide) in alignment at lines 637--654
 [] [] [] 
 []


Underfull \hbox (badness 10000) in paragraph at lines 666--667
[]|\OT1/cmr/bx/n/12 Esercizio
 []


Overfull \hbox (9.07372pt too wide) in paragraph at lines 666--667
\OT1/cmr/bx/n/12 grafico/computazionale| 
 []


Underfull \hbox (badness 10000) in paragraph at lines 670--671
[]|\OT1/cmr/bx/n/12 Esercizio
 []


Overfull \hbox (9.07372pt too wide) in paragraph at lines 670--671
\OT1/cmr/bx/n/12 grafico/computazionale| 
 []


Underfull \hbox (badness 1824) in paragraph at lines 674--674
[]|\OT1/cmr/m/n/12 Media e var-i-anza di
 []


Underfull \hbox (badness 10000) in paragraph at lines 675--675
[]|\OT1/cmr/m/n/12 Valore at-teso con-
 []


Underfull \hbox (badness 3229) in paragraph at lines 677--677
[]|\OT1/cmr/m/n/12 Modifica della sim-u-
 []


Underfull \hbox (badness 10000) in paragraph at lines 679--680
[]|\OT1/cmr/m/n/12 Distribuzione delle
 []


Underfull \hbox (badness 10000) in paragraph at lines 680--681
[]|\OT1/cmr/m/n/12 Heatmap delle tran-
 []


Underfull \hbox (badness 2828) in paragraph at lines 684--685
[]|\OT1/cmr/m/n/12 Interpretazione ge-o-met-
 []

[15]
Underfull \hbox (badness 10000) in paragraph at lines 704--705
[]|\OT1/cmr/m/n/12 Simulazioni, stime con-dizion-ate,
 []

ignored error: Infinite glue shrinkage found in box being split [16] [17]
\pydata@fh@0=\write5
\openout5 = `_E4F092BB5E3B0185C51CD6BE22AF2D1C.data.minted'.

runsystem(latexminted config  --timestamp 20260512161308 E4F092BB5E3B0185C51CD6BE22AF2D1C)...executed.

 (_E4F092BB5E3B0185C51CD6BE22AF2D1C.config.minted)
runsystem(latexminted cleanconfig  --timestamp 20260512161308 E4F092BB5E3B0185C51CD6BE22AF2D1C)...executed.

 (_minted/trac.style.minted) (_minted/BCA805C81D7D6855C802589469D4E122.highlight.minted
LaTeX Font Info:    Font shape `OT1/cmtt/bx/n' in size <12> not available
(Font)              Font shape `OT1/cmtt/m/n' tried instead on input line 2.
)
Underfull \hbox (badness 10000) in paragraph at lines 785--785
[]|\OT1/cmr/m/n/12 Struttura delle 16
 []


Underfull \hbox (badness 10000) in paragraph at lines 786--787
[]|\OT1/cmr/m/n/12 Preparare doc-u-mento sep-a-rato
 []

[18] [19] (MQF_Master_Plan.aux)
 ***********
LaTeX2e <2025-11-01>
L3 programming layer <2025-11-06>
 ***********
 ) 
Here is how much of TeX's memory you used:
 8740 strings out of 467871
 193117 string characters out of 5417892
 727634 words of memory out of 5000000
 37510 multiletter control sequences out of 15000+600000
 634053 words of font info for 64 fonts, out of 8000000 for 9000
 1141 hyphenation exceptions out of 8191
 86i,9n,93p,532b,579s stack positions out of 10000i,1000n,20000p,200000b,200000s
<C:/Users/PaUser/AppData/Local/Programs/MiKTeX/fonts/type1/public/amsfonts/cm/cmbx12.pfb><C:/Users/PaUser/AppData/Local/Programs/MiKTeX/fonts/type1/public/amsfonts/cm/cmex10.pfb><C:/Users/PaUser/AppData/Local/Programs/MiKTeX/fonts/type1/public/amsfonts/cm/cmmi12.pfb><C:/Users/PaUser/AppData/Local/Programs/MiKTeX/fonts/type1/public/amsfonts/cm/cmmi6.pfb><C:/Users/PaUser/AppData/Local/Programs/MiKTeX/fonts/type1/public/amsfonts/cm/cmmi8.pfb><C:/Users/PaUser/AppData/Local/Programs/MiKTeX/fonts/type1/public/amsfonts/cm/cmr12.pfb><C:/Users/PaUser/AppData/Local/Programs/MiKTeX/fonts/type1/public/amsfonts/cm/cmr6.pfb><C:/Users/PaUser/AppData/Local/Programs/MiKTeX/fonts/type1/public/amsfonts/cm/cmr8.pfb><C:/Users/PaUser/AppData/Local/Programs/MiKTeX/fonts/type1/public/amsfonts/cm/cmsy10.pfb><C:/Users/PaUser/AppData/Local/Programs/MiKTeX/fonts/type1/public/amsfonts/cm/cmsy8.pfb><C:/Users/PaUser/AppData/Local/Programs/MiKTeX/fonts/type1/public/amsfonts/cm/cmtt12.pfb><C:/Users/PaUser/AppData/Local/Programs/MiKTeX/fonts/type1/public/amsfonts/symbols/msbm10.pfb>
Output written on MQF_Master_Plan.pdf (19 pages, 190013 bytes).
PDF statistics:
 124 PDF objects out of 1000 (max. 8388607)
 0 named destinations out of 1000 (max. 500000)
 1 words of extra memory for PDF output out of 10000 (max. 10000000)

